matthewmyrick in ~ λ sudo systemctl status k3s
● k3s.service - Lightweight Kubernetes
     Loaded: loaded (/etc/systemd/system/k3s.service; enabled; preset: enabled)
     Active: activating (start) since Fri 2025-09-05 03:15:08 UTC; 12s ago
       Docs: https://k3s.io
    Process: 2630642 ExecStartPre=/bin/sh -xc ! /usr/bin/systemctl is-enabled --quiet nm-cloud-setup.service 2>/dev/null (code=exited, status=0/SUCCESS)
    Process: 2630644 ExecStartPre=/sbin/modprobe br_netfilter (code=exited, status=0/SUCCESS)
    Process: 2630646 ExecStartPre=/sbin/modprobe overlay (code=exited, status=0/SUCCESS)
   Main PID: 2630648 (k3s-server)
      Tasks: 488
     Memory: 5.3G (peak: 11.6G)
        CPU: 8.446s
     CGroup: /system.slice/k3s.service
             ├─   2589 /var/lib/rancher/k3s/data/ceeaba2f9b0f267030e653da2b0935920a5b3e3dab1a7bda986bb98e2c9d3381/bin/containerd-shim-runc-v2 -namespace k8s.io -id 2445>
             ├─   2614 /var/lib/rancher/k3s/data/ceeaba2f9b0f267030e653da2b0935920a5b3e3dab1a7bda986bb98e2c9d3381/bin/containerd-shim-runc-v2 -namespace k8s.io -id 5c46>
             ├─   2633 /var/lib/rancher/k3s/data/ceeaba2f9b0f267030e653da2b0935920a5b3e3dab1a7bda986bb98e2c9d3381/bin/containerd-shim-runc-v2 -namespace k8s.io -id 966b>
             ├─   2920 /var/lib/rancher/k3s/data/ceeaba2f9b0f267030e653da2b0935920a5b3e3dab1a7bda986bb98e2c9d3381/bin/containerd-shim-runc-v2 -namespace k8s.io -id 0273>
             ├─   3269 /var/lib/rancher/k3s/data/ceeaba2f9b0f267030e653da2b0935920a5b3e3dab1a7bda986bb98e2c9d3381/bin/containerd-shim-runc-v2 -namespace k8s.io -id 9b03>
             ├─   3333 /var/lib/rancher/k3s/data/ceeaba2f9b0f267030e653da2b0935920a5b3e3dab1a7bda986bb98e2c9d3381/bin/containerd-shim-runc-v2 -namespace k8s.io -id db1f>
             ├─   3383 /var/lib/rancher/k3s/data/ceeaba2f9b0f267030e653da2b0935920a5b3e3dab1a7bda986bb98e2c9d3381/bin/containerd-shim-runc-v2 -namespace k8s.io -id f248>
             ├─   3841 /var/lib/rancher/k3s/data/ceeaba2f9b0f267030e653da2b0935920a5b3e3dab1a7bda986bb98e2c9d3381/bin/containerd-shim-runc-v2 -namespace k8s.io -id 10bc>
             ├─   3934 /var/lib/rancher/k3s/data/ceeaba2f9b0f267030e653da2b0935920a5b3e3dab1a7bda986bb98e2c9d3381/bin/containerd-shim-runc-v2 -namespace k8s.io -id 06d6>
             ├─   3967 /var/lib/rancher/k3s/data/ceeaba2f9b0f267030e653da2b0935920a5b3e3dab1a7bda986bb98e2c9d3381/bin/containerd-shim-runc-v2 -namespace k8s.io -id 81ee>
             ├─   5043 /var/lib/rancher/k3s/data/ceeaba2f9b0f267030e653da2b0935920a5b3e3dab1a7bda986bb98e2c9d3381/bin/containerd-shim-runc-v2 -namespace k8s.io -id fd08>
             ├─   5169 /var/lib/rancher/k3s/data/ceeaba2f9b0f267030e653da2b0935920a5b3e3dab1a7bda986bb98e2c9d3381/bin/containerd-shim-runc-v2 -namespace k8s.io -id 1f25>
             ├─   5198 /var/lib/rancher/k3s/data/ceeaba2f9b0f267030e653da2b0935920a5b3e3dab1a7bda986bb98e2c9d3381/bin/containerd-shim-runc-v2 -namespace k8s.io -id 7f42>
             ├─   5209 /var/lib/rancher/k3s/data/ceeaba2f9b0f267030e653da2b0935920a5b3e3dab1a7bda986bb98e2c9d3381/bin/containerd-shim-runc-v2 -namespace k8s.io -id 162a>
             ├─   5229 /var/lib/rancher/k3s/data/ceeaba2f9b0f267030e653da2b0935920a5b3e3dab1a7bda986bb98e2c9d3381/bin/containerd-shim-runc-v2 -namespace k8s.io -id f665>
             ├─   5263 /var/lib/rancher/k3s/data/ceeaba2f9b0f267030e653da2b0935920a5b3e3dab1a7bda986bb98e2c9d3381/bin/containerd-shim-runc-v2 -namespace k8s.io -id 5db7>
             ├─   5578 /var/lib/rancher/k3s/data/ceeaba2f9b0f267030e653da2b0935920a5b3e3dab1a7bda986bb98e2c9d3381/bin/containerd-shim-runc-v2 -namespace k8s.io -id 553a>
             ├─   5600 /var/lib/rancher/k3s/data/ceeaba2f9b0f267030e653da2b0935920a5b3e3dab1a7bda986bb98e2c9d3381/bin/containerd-shim-runc-v2 -namespace k8s.io -id eabf>
             ├─   5713 /var/lib/rancher/k3s/data/ceeaba2f9b0f267030e653da2b0935920a5b3e3dab1a7bda986bb98e2c9d3381/bin/containerd-shim-runc-v2 -namespace k8s.io -id a500>
             ├─   5966 /var/lib/rancher/k3s/data/ceeaba2f9b0f267030e653da2b0935920a5b3e3dab1a7bda986bb98e2c9d3381/bin/containerd-shim-runc-v2 -namespace k8s.io -id c333>
             ├─  84265 /var/lib/rancher/k3s/data/ceeaba2f9b0f267030e653da2b0935920a5b3e3dab1a7bda986bb98e2c9d3381/bin/containerd-shim-runc-v2 -namespace k8s.io -id 3768>
             ├─ 267608 /var/lib/rancher/k3s/data/ceeaba2f9b0f267030e653da2b0935920a5b3e3dab1a7bda986bb98e2c9d3381/bin/containerd-shim-runc-v2 -namespace k8s.io -id 1163>
             ├─ 267669 /var/lib/rancher/k3s/data/ceeaba2f9b0f267030e653da2b0935920a5b3e3dab1a7bda986bb98e2c9d3381/bin/containerd-shim-runc-v2 -namespace k8s.io -id 1d20>
             ├─ 267688 /var/lib/rancher/k3s/data/ceeaba2f9b0f267030e653da2b0935920a5b3e3dab1a7bda986bb98e2c9d3381/bin/containerd-shim-runc-v2 -namespace k8s.io -id 5552>
             ├─2544469 /var/lib/rancher/k3s/data/ceeaba2f9b0f267030e653da2b0935920a5b3e3dab1a7bda986bb98e2c9d3381/bin/containerd-shim-runc-v2 -namespace k8s.io -id 1857>
             ├─2544505 /var/lib/rancher/k3s/data/ceeaba2f9b0f267030e653da2b0935920a5b3e3dab1a7bda986bb98e2c9d3381/bin/containerd-shim-runc-v2 -namespace k8s.io -id 5891>
             ├─2544551 /var/lib/rancher/k3s/data/ceeaba2f9b0f267030e653da2b0935920a5b3e3dab1a7bda986bb98e2c9d3381/bin/containerd-shim-runc-v2 -namespace k8s.io -id d8e8>
             ├─2546136 /var/lib/rancher/k3s/data/ceeaba2f9b0f267030e653da2b0935920a5b3e3dab1a7bda986bb98e2c9d3381/bin/containerd-shim-runc-v2 -namespace k8s.io -id 31a2>
             ├─2546223 /var/lib/rancher/k3s/data/ceeaba2f9b0f267030e653da2b0935920a5b3e3dab1a7bda986bb98e2c9d3381/bin/containerd-shim-runc-v2 -namespace k8s.io -id 2f27>
             ├─2558604 /var/lib/rancher/k3s/data/ceeaba2f9b0f267030e653da2b0935920a5b3e3dab1a7bda986bb98e2c9d3381/bin/containerd-shim-runc-v2 -namespace k8s.io -id 7ea2>
             ├─2573379 /var/lib/rancher/k3s/data/ceeaba2f9b0f267030e653da2b0935920a5b3e3dab1a7bda986bb98e2c9d3381/bin/containerd-shim-runc-v2 -namespace k8s.io -id f343>
             ├─2606943 /var/lib/rancher/k3s/data/ceeaba2f9b0f267030e653da2b0935920a5b3e3dab1a7bda986bb98e2c9d3381/bin/containerd-shim-runc-v2 -namespace k8s.io -id f730>
             ├─2630648 "/usr/local/bin/k3s server"
             └─2630668 "containerd "





Sep 05 03:15:19 apollo k3s[2630648]: I0905 03:15:19.221307 2630648 handler.go:286] Adding GroupVersion gateway.networking.k8s.io v1 to ResourceManager
Sep 05 03:15:19 apollo k3s[2630648]: I0905 03:15:19.221333 2630648 handler.go:286] Adding GroupVersion gateway.networking.k8s.io v1beta1 to ResourceManager
Sep 05 03:15:19 apollo k3s[2630648]: I0905 03:15:19.221443 2630648 handler.go:286] Adding GroupVersion actions.github.com v1alpha1 to ResourceManager
Sep 05 03:15:19 apollo k3s[2630648]: I0905 03:15:19.221508 2630648 handler.go:286] Adding GroupVersion tailscale.com v1alpha1 to ResourceManager
Sep 05 03:15:19 apollo k3s[2630648]: I0905 03:15:19.221783 2630648 handler.go:286] Adding GroupVersion traefik.io v1alpha1 to ResourceManager
Sep 05 03:15:19 apollo k3s[2630648]: I0905 03:15:19.221867 2630648 handler.go:286] Adding GroupVersion bitnami.com v1alpha1 to ResourceManager
Sep 05 03:15:19 apollo k3s[2630648]: I0905 03:15:19.222034 2630648 handler.go:286] Adding GroupVersion argoproj.io v1alpha1 to ResourceManager
Sep 05 03:15:19 apollo k3s[2630648]: I0905 03:15:19.222336 2630648 handler.go:286] Adding GroupVersion helm.cattle.io v1 to ResourceManager
Sep 05 03:15:19 apollo k3s[2630648]: time="2025-09-05T03:15:19Z" level=info msg="Polling for API server readiness: GET /readyz failed: an error on the server (\"[+]ping>
Sep 05 03:15:20 apollo k3s[2630648]: I0905 03:15:20.059469 2630648 storage_scheduling.go:111] all system priority classes are created successfully or already exist.

 sudo journalctl -u k3s -f --no-pager -n 50

Sep 05 03:16:30 apollo systemd[1]: k3s.service: Found left-over process 5209 (containerd-shim) in control group while starting unit. Ignoring.
Sep 05 03:16:30 apollo systemd[1]: k3s.service: This usually indicates unclean termination of a previous run, or service implementation deficiencies.
Sep 05 03:16:30 apollo systemd[1]: k3s.service: Found left-over process 5229 (containerd-shim) in control group while starting unit. Ignoring.
Sep 05 03:16:30 apollo systemd[1]: k3s.service: This usually indicates unclean termination of a previous run, or service implementation deficiencies.
Sep 05 03:16:30 apollo systemd[1]: k3s.service: Found left-over process 5263 (containerd-shim) in control group while starting unit. Ignoring.
Sep 05 03:16:30 apollo systemd[1]: k3s.service: This usually indicates unclean termination of a previous run, or service implementation deficiencies.
Sep 05 03:16:30 apollo systemd[1]: k3s.service: Found left-over process 5578 (containerd-shim) in control group while starting unit. Ignoring.
Sep 05 03:16:30 apollo systemd[1]: k3s.service: This usually indicates unclean termination of a previous run, or service implementation deficiencies.
Sep 05 03:16:30 apollo systemd[1]: k3s.service: Found left-over process 5600 (containerd-shim) in control group while starting unit. Ignoring.
Sep 05 03:16:30 apollo systemd[1]: k3s.service: This usually indicates unclean termination of a previous run, or service implementation deficiencies.
Sep 05 03:16:30 apollo systemd[1]: k3s.service: Found left-over process 5713 (containerd-shim) in control group while starting unit. Ignoring.
Sep 05 03:16:30 apollo systemd[1]: k3s.service: This usually indicates unclean termination of a previous run, or service implementation deficiencies.
Sep 05 03:16:30 apollo systemd[1]: k3s.service: Found left-over process 5966 (containerd-shim) in control group while starting unit. Ignoring.
Sep 05 03:16:30 apollo systemd[1]: k3s.service: This usually indicates unclean termination of a previous run, or service implementation deficiencies.
Sep 05 03:16:30 apollo systemd[1]: k3s.service: Found left-over process 84265 (containerd-shim) in control group while starting unit. Ignoring.
Sep 05 03:16:30 apollo systemd[1]: k3s.service: This usually indicates unclean termination of a previous run, or service implementation deficiencies.
Sep 05 03:16:30 apollo systemd[1]: k3s.service: Found left-over process 267608 (containerd-shim) in control group while starting unit. Ignoring.
Sep 05 03:16:30 apollo systemd[1]: k3s.service: This usually indicates unclean termination of a previous run, or service implementation deficiencies.
Sep 05 03:16:30 apollo systemd[1]: k3s.service: Found left-over process 267669 (containerd-shim) in control group while starting unit. Ignoring.
Sep 05 03:16:30 apollo systemd[1]: k3s.service: This usually indicates unclean termination of a previous run, or service implementation deficiencies.
Sep 05 03:16:30 apollo systemd[1]: k3s.service: Found left-over process 267688 (containerd-shim) in control group while starting unit. Ignoring.
Sep 05 03:16:30 apollo systemd[1]: k3s.service: This usually indicates unclean termination of a previous run, or service implementation deficiencies.
Sep 05 03:16:30 apollo systemd[1]: k3s.service: Found left-over process 2544469 (containerd-shim) in control group while starting unit. Ignoring.
Sep 05 03:16:30 apollo systemd[1]: k3s.service: This usually indicates unclean termination of a previous run, or service implementation deficiencies.
Sep 05 03:16:30 apollo systemd[1]: k3s.service: Found left-over process 2544505 (containerd-shim) in control group while starting unit. Ignoring.
Sep 05 03:16:30 apollo systemd[1]: k3s.service: This usually indicates unclean termination of a previous run, or service implementation deficiencies.
Sep 05 03:16:30 apollo systemd[1]: k3s.service: Found left-over process 2544551 (containerd-shim) in control group while starting unit. Ignoring.
Sep 05 03:16:30 apollo systemd[1]: k3s.service: This usually indicates unclean termination of a previous run, or service implementation deficiencies.
Sep 05 03:16:30 apollo systemd[1]: k3s.service: Found left-over process 2546136 (containerd-shim) in control group while starting unit. Ignoring.
Sep 05 03:16:30 apollo systemd[1]: k3s.service: This usually indicates unclean termination of a previous run, or service implementation deficiencies.
Sep 05 03:16:30 apollo systemd[1]: k3s.service: Found left-over process 2546223 (containerd-shim) in control group while starting unit. Ignoring.
Sep 05 03:16:30 apollo systemd[1]: k3s.service: This usually indicates unclean termination of a previous run, or service implementation deficiencies.
Sep 05 03:16:30 apollo systemd[1]: k3s.service: Found left-over process 2558604 (containerd-shim) in control group while starting unit. Ignoring.
Sep 05 03:16:30 apollo systemd[1]: k3s.service: This usually indicates unclean termination of a previous run, or service implementation deficiencies.
Sep 05 03:16:30 apollo systemd[1]: k3s.service: Found left-over process 2573379 (containerd-shim) in control group while starting unit. Ignoring.
Sep 05 03:16:30 apollo systemd[1]: k3s.service: This usually indicates unclean termination of a previous run, or service implementation deficiencies.
Sep 05 03:16:30 apollo systemd[1]: k3s.service: Found left-over process 2606943 (containerd-shim) in control group while starting unit. Ignoring.
Sep 05 03:16:30 apollo systemd[1]: k3s.service: This usually indicates unclean termination of a previous run, or service implementation deficiencies.
Sep 05 03:16:30 apollo k3s[2633482]: time="2025-09-05T03:16:30Z" level=info msg="Starting k3s v1.32.6+k3s1 (eb603acd)"
Sep 05 03:16:30 apollo k3s[2633482]: time="2025-09-05T03:16:30Z" level=info msg="Configuring sqlite3 database connection pooling: maxIdleConns=2, maxOpenConns=0, connMaxLifetime=0s"
Sep 05 03:16:30 apollo k3s[2633482]: time="2025-09-05T03:16:30Z" level=info msg="Configuring database table schema and indexes, this may take a moment..."
Sep 05 03:16:30 apollo k3s[2633482]: time="2025-09-05T03:16:30Z" level=info msg="Database tables and indexes are up to date"
Sep 05 03:16:30 apollo k3s[2633482]: time="2025-09-05T03:16:30Z" level=info msg="Kine available at unix://kine.sock"
Sep 05 03:16:30 apollo k3s[2633482]: time="2025-09-05T03:16:30Z" level=info msg="Reconciling bootstrap data between datastore and disk"
Sep 05 03:16:30 apollo k3s[2633482]: time="2025-09-05T03:16:30Z" level=error msg="Sending HTTP/2.0 503 response to 10.42.0.122:48644: starting"
Sep 05 03:16:30 apollo k3s[2633482]: time="2025-09-05T03:16:30Z" level=error msg="Sending HTTP/2.0 503 response to 10.42.0.122:48644: starting"
Sep 05 03:16:30 apollo k3s[2633482]: time="2025-09-05T03:16:30Z" level=error msg="Sending HTTP/2.0 503 response to 10.42.0.122:48664: starting"
Sep 05 03:16:30 apollo k3s[2633482]: time="2025-09-05T03:16:30Z" level=error msg="Sending HTTP/2.0 503 response to 10.42.0.122:48664: starting"
Sep 05 03:16:30 apollo k3s[2633482]: time="2025-09-05T03:16:30Z" level=error msg="Sending HTTP/2.0 503 response to 10.42.0.122:48676: starting"
Sep 05 03:16:30 apollo k3s[2633482]: time="2025-09-05T03:16:30Z" level=error msg="Sending HTTP/2.0 503 response to 10.42.0.122:48686: starting"
Sep 05 03:16:30 apollo k3s[2633482]: time="2025-09-05T03:16:30Z" level=error msg="Sending HTTP/2.0 503 response to 10.42.0.122:48700: starting"
Sep 05 03:16:30 apollo k3s[2633482]: time="2025-09-05T03:16:30Z" level=error msg="Sending HTTP/2.0 503 response to 10.42.0.122:48700: starting"
Sep 05 03:16:30 apollo k3s[2633482]: time="2025-09-05T03:16:30Z" level=error msg="Sending HTTP/2.0 503 response to 10.42.0.122:48700: starting"
Sep 05 03:16:30 apollo k3s[2633482]: time="2025-09-05T03:16:30Z" level=error msg="Sending HTTP/2.0 503 response to 10.42.0.122:48702: starting"
Sep 05 03:16:30 apollo k3s[2633482]: time="2025-09-05T03:16:30Z" level=error msg="Sending HTTP/2.0 503 response to 10.42.0.122:48702: starting"
Sep 05 03:16:30 apollo k3s[2633482]: time="2025-09-05T03:16:30Z" level=error msg="Sending HTTP/2.0 503 response to 10.42.0.122:48710: starting"
Sep 05 03:16:30 apollo k3s[2633482]: time="2025-09-05T03:16:30Z" level=error msg="Sending HTTP/2.0 503 response to 10.42.0.122:48740: starting"
Sep 05 03:16:30 apollo k3s[2633482]: time="2025-09-05T03:16:30Z" level=error msg="Sending HTTP/2.0 503 response to 10.42.0.122:48750: starting"
Sep 05 03:16:30 apollo k3s[2633482]: time="2025-09-05T03:16:30Z" level=error msg="Sending HTTP/2.0 503 response to 10.42.0.122:48764: starting"
Sep 05 03:16:30 apollo k3s[2633482]: time="2025-09-05T03:16:30Z" level=error msg="Sending HTTP/2.0 503 response to 10.42.0.122:48764: starting"
Sep 05 03:16:30 apollo k3s[2633482]: time="2025-09-05T03:16:30Z" level=error msg="Sending HTTP/2.0 503 response to 10.42.0.122:48768: starting"
Sep 05 03:16:30 apollo k3s[2633482]: time="2025-09-05T03:16:30Z" level=error msg="Sending HTTP/2.0 503 response to 10.42.0.122:48784: starting"
Sep 05 03:16:30 apollo k3s[2633482]: time="2025-09-05T03:16:30Z" level=error msg="Sending HTTP/2.0 503 response to 10.42.0.122:48802: starting"
Sep 05 03:16:30 apollo k3s[2633482]: time="2025-09-05T03:16:30Z" level=error msg="Sending HTTP/2.0 503 response to 10.42.0.122:48802: starting"
Sep 05 03:16:30 apollo k3s[2633482]: time="2025-09-05T03:16:30Z" level=error msg="Sending HTTP/2.0 503 response to 10.42.0.122:48810: starting"
Sep 05 03:16:31 apollo k3s[2633482]: time="2025-09-05T03:16:31Z" level=info msg="Password verified locally for node apollo"
Sep 05 03:16:31 apollo k3s[2633482]: time="2025-09-05T03:16:31Z" level=info msg="certificate CN=apollo signed by CN=k3s-server-ca@1753152816: notBefore=2025-07-22 02:53:36 +0000 UTC notAfter=2026-09-05 03:16:31 +0000 UTC"
Sep 05 03:16:31 apollo k3s[2633482]: time="2025-09-05T03:16:31Z" level=info msg="certificate CN=system:node:apollo,O=system:nodes signed by CN=k3s-client-ca@1753152816: notBefore=2025-07-22 02:53:36 +0000 UTC notAfter=2026-09-05 03:16:31 +0000 UTC"
Sep 05 03:16:31 apollo k3s[2633482]: time="2025-09-05T03:16:31Z" level=info msg="certificate CN=system:kube-proxy signed by CN=k3s-client-ca@1753152816: notBefore=2025-07-22 02:53:36 +0000 UTC notAfter=2026-09-05 03:16:31 +0000 UTC"
Sep 05 03:16:31 apollo k3s[2633482]: time="2025-09-05T03:16:31Z" level=info msg="certificate CN=system:k3s-controller signed by CN=k3s-client-ca@1753152816: notBefore=2025-07-22 02:53:36 +0000 UTC notAfter=2026-09-05 03:16:31 +0000 UTC"
Sep 05 03:16:31 apollo k3s[2633482]: time="2025-09-05T03:16:31Z" level=info msg="Module overlay was already loaded"
Sep 05 03:16:31 apollo k3s[2633482]: time="2025-09-05T03:16:31Z" level=info msg="Module nf_conntrack was already loaded"
Sep 05 03:16:31 apollo k3s[2633482]: time="2025-09-05T03:16:31Z" level=info msg="Module br_netfilter was already loaded"
Sep 05 03:16:31 apollo k3s[2633482]: time="2025-09-05T03:16:31Z" level=info msg="Module iptable_nat was already loaded"
Sep 05 03:16:31 apollo k3s[2633482]: time="2025-09-05T03:16:31Z" level=info msg="Module iptable_filter was already loaded"
Sep 05 03:16:31 apollo k3s[2633482]: time="2025-09-05T03:16:31Z" level=warning msg="Failed to load kernel module nft-expr-counter with modprobe"
Sep 05 03:16:31 apollo k3s[2633482]: time="2025-09-05T03:16:31Z" level=info msg="Logging containerd to /var/lib/rancher/k3s/agent/containerd/containerd.log"
Sep 05 03:16:31 apollo k3s[2633482]: time="2025-09-05T03:16:31Z" level=info msg="Running containerd -c /var/lib/rancher/k3s/agent/etc/containerd/config.toml"
Sep 05 03:16:31 apollo k3s[2633482]: time="2025-09-05T03:16:31Z" level=info msg="Polling for API server readiness: GET /readyz failed: the server is currently unable to handle the request"
Sep 05 03:16:32 apollo k3s[2633482]: time="2025-09-05T03:16:32Z" level=info msg="containerd is now running"
qSep 05 03:16:34 apollo k3s[2633482]: time="2025-09-05T03:16:34Z" level=info msg="Connecting to proxy" url="wss://127.0.0.1:6443/v1-k3s/connect"
Sep 05 03:16:34 apollo k3s[2633482]: time="2025-09-05T03:16:34Z" level=info msg="Creating k3s-cert-monitor event broadcaster"
Sep 05 03:16:34 apollo k3s[2633482]: time="2025-09-05T03:16:34Z" level=info msg="Running kubelet --cloud-provider=external --config-dir=/var/lib/rancher/k3s/agent/etc/kubelet.conf.d --containerd=/run/k3s/containerd/containerd.sock --cpu=12 --eviction-hard=memory.available<1Gi --feature-gates=SizeMemoryBackedVolumes=true --hostname-override=apollo --kube-reserved=cpu=100m,memory=512Mi --kubeconfig=/var/lib/rancher/k3s/agent/kubelet.kubeconfig --max-memory=43Gi --max-pods=220 --node-ip=192.168.1.168,2600:4041:550b:4f00:7208:10ff:fed5:5f57 --node-labels= --read-only-port=0 --system-reserved=cpu=100m,memory=512Mi"
Sep 05 03:16:34 apollo k3s[2633482]: time="2025-09-05T03:16:34Z" level=info msg="Connection to etcd is ready"
Sep 05 03:16:34 apollo k3s[2633482]: time="2025-09-05T03:16:34Z" level=info msg="ETCD server is now running"
Sep 05 03:16:34 apollo k3s[2633482]: time="2025-09-05T03:16:34Z" level=info msg="Running kube-apiserver --advertise-port=6443 --allow-privileged=true --anonymous-auth=false --api-audiences=https://kubernetes.default.svc.cluster.local,k3s --authorization-mode=Node,RBAC --bind-address=127.0.0.1 --cert-dir=/var/lib/rancher/k3s/server/tls/temporary-certs --client-ca-file=/var/lib/rancher/k3s/server/tls/client-ca.crt --egress-selector-config-file=/var/lib/rancher/k3s/server/etc/egress-selector-config.yaml --enable-admission-plugins=NodeRestriction --enable-aggregator-routing=true --enable-bootstrap-token-auth=true --etcd-servers=unix://kine.sock --kubelet-certificate-authority=/var/lib/rancher/k3s/server/tls/server-ca.crt --kubelet-client-certificate=/var/lib/rancher/k3s/server/tls/client-kube-apiserver.crt --kubelet-client-key=/var/lib/rancher/k3s/server/tls/client-kube-apiserver.key --kubelet-preferred-address-types=InternalIP,ExternalIP,Hostname --max-mutating-requests-inflight=200 --max-requests-inflight=400 --profiling=false --proxy-client-cert-file=/var/lib/rancher/k3s/server/tls/client-auth-proxy.crt --proxy-client-key-file=/var/lib/rancher/k3s/server/tls/client-auth-proxy.key --requestheader-allowed-names=system:auth-proxy --requestheader-client-ca-file=/var/lib/rancher/k3s/server/tls/request-header-ca.crt --requestheader-extra-headers-prefix=X-Remote-Extra- --requestheader-group-headers=X-Remote-Group --requestheader-username-headers=X-Remote-User --secure-port=6444 --service-account-issuer=https://kubernetes.default.svc.cluster.local --service-account-key-file=/var/lib/rancher/k3s/server/tls/service.key --service-account-signing-key-file=/var/lib/rancher/k3s/server/tls/service.current.key --service-cluster-ip-range=10.43.0.0/16 --service-node-port-range=30000-32767 --storage-backend=etcd3 --tls-cert-file=/var/lib/rancher/k3s/server/tls/serving-kube-apiserver.crt --tls-cipher-suites=TLS_ECDHE_ECDSA_WITH_AES_256_GCM_SHA384,TLS_ECDHE_RSA_WITH_AES_256_GCM_SHA384,TLS_ECDHE_ECDSA_WITH_AES_128_GCM_SHA256,TLS_ECDHE_RSA_WITH_AES_128_GCM_SHA256,TLS_ECDHE_ECDSA_WITH_CHACHA20_POLY1305,TLS_ECDHE_RSA_WITH_CHACHA20_POLY1305 --tls-private-key-file=/var/lib/rancher/k3s/server/tls/serving-kube-apiserver.key"
Sep 05 03:16:34 apollo k3s[2633482]: time="2025-09-05T03:16:34Z" level=info msg="Handling backend connection request [apollo]"
Sep 05 03:16:34 apollo k3s[2633482]: time="2025-09-05T03:16:34Z" level=info msg="Remotedialer connected to proxy" url="wss://127.0.0.1:6443/v1-k3s/connect"
Sep 05 03:16:34 apollo k3s[2633482]: time="2025-09-05T03:16:34Z" level=info msg="Running kube-scheduler --authentication-kubeconfig=/var/lib/rancher/k3s/server/cred/scheduler.kubeconfig --authorization-kubeconfig=/var/lib/rancher/k3s/server/cred/scheduler.kubeconfig --bind-address=127.0.0.1 --kubeconfig=/var/lib/rancher/k3s/server/cred/scheduler.kubeconfig --leader-elect=false --profiling=false --secure-port=10259 --tls-cert-file=/var/lib/rancher/k3s/server/tls/kube-scheduler/kube-scheduler.crt --tls-private-key-file=/var/lib/rancher/k3s/server/tls/kube-scheduler/kube-scheduler.key"
Sep 05 03:16:34 apollo k3s[2633482]: W0905 03:16:34.960933 2633482 registry.go:256] calling componentGlobalsRegistry.AddFlags more than once, the registry will be set by the latest flags
Sep 05 03:16:34 apollo k3s[2633482]: time="2025-09-05T03:16:34Z" level=info msg="Running kube-controller-manager --allocate-node-cidrs=true --authentication-kubeconfig=/var/lib/rancher/k3s/server/cred/controller.kubeconfig --authorization-kubeconfig=/var/lib/rancher/k3s/server/cred/controller.kubeconfig --bind-address=127.0.0.1 --cluster-cidr=10.42.0.0/16 --cluster-signing-kube-apiserver-client-cert-file=/var/lib/rancher/k3s/server/tls/client-ca.nochain.crt --cluster-signing-kube-apiserver-client-key-file=/var/lib/rancher/k3s/server/tls/client-ca.key --cluster-signing-kubelet-client-cert-file=/var/lib/rancher/k3s/server/tls/client-ca.nochain.crt --cluster-signing-kubelet-client-key-file=/var/lib/rancher/k3s/server/tls/client-ca.key --cluster-signing-kubelet-serving-cert-file=/var/lib/rancher/k3s/server/tls/server-ca.nochain.crt --cluster-signing-kubelet-serving-key-file=/var/lib/rancher/k3s/server/tls/server-ca.key --cluster-signing-legacy-unknown-cert-file=/var/lib/rancher/k3s/server/tls/server-ca.nochain.crt --cluster-signing-legacy-unknown-key-file=/var/lib/rancher/k3s/server/tls/server-ca.key --configure-cloud-routes=false --controllers=*,tokencleaner,-service,-route,-cloud-node-lifecycle --kubeconfig=/var/lib/rancher/k3s/server/cred/controller.kubeconfig --leader-elect=false --profiling=false --root-ca-file=/var/lib/rancher/k3s/server/tls/server-ca.crt --secure-port=10257 --service-account-private-key-file=/var/lib/rancher/k3s/server/tls/service.current.key --service-cluster-ip-range=10.43.0.0/16 --tls-cert-file=/var/lib/rancher/k3s/server/tls/kube-controller-manager/kube-controller-manager.crt --tls-private-key-file=/var/lib/rancher/k3s/server/tls/kube-controller-manager/kube-controller-manager.key --use-service-account-credentials=true"
Sep 05 03:16:34 apollo k3s[2633482]: E0905 03:16:34.962125 2633482 options.go:299] unable to set WatchListClient feature gate, err: cannot override default for feature "WatchListClient": gates already added to a flag set
Sep 05 03:16:34 apollo k3s[2633482]: W0905 03:16:34.962161 2633482 registry.go:256] calling componentGlobalsRegistry.AddFlags more than once, the registry will be set by the latest flags
Sep 05 03:16:34 apollo k3s[2633482]: time="2025-09-05T03:16:34Z" level=info msg="Running cloud-controller-manager --allocate-node-cidrs=true --authentication-kubeconfig=/var/lib/rancher/k3s/server/cred/cloud-controller.kubeconfig --authorization-kubeconfig=/var/lib/rancher/k3s/server/cred/cloud-controller.kubeconfig --bind-address=127.0.0.1 --cloud-config=/var/lib/rancher/k3s/server/etc/cloud-config.yaml --cloud-provider=k3s --cluster-cidr=10.42.0.0/16 --configure-cloud-routes=false --controllers=*,-route --kubeconfig=/var/lib/rancher/k3s/server/cred/cloud-controller.kubeconfig --leader-elect=false --leader-elect-resource-name=k3s-cloud-controller-manager --node-status-update-frequency=1m0s --profiling=false"
Sep 05 03:16:34 apollo k3s[2633482]: time="2025-09-05T03:16:34Z" level=info msg="Server node token is available at /var/lib/rancher/k3s/server/token"
Sep 05 03:16:34 apollo k3s[2633482]: I0905 03:16:34.964081 2633482 options.go:238] external host was not specified, using 192.168.1.168
Sep 05 03:16:34 apollo k3s[2633482]: time="2025-09-05T03:16:34Z" level=info msg="To join server node to cluster: k3s server -s https://192.168.1.168:6443 -t ${SERVER_NODE_TOKEN}"
Sep 05 03:16:34 apollo k3s[2633482]: time="2025-09-05T03:16:34Z" level=info msg="Agent node token is available at /var/lib/rancher/k3s/server/agent-token"
Sep 05 03:16:34 apollo k3s[2633482]: time="2025-09-05T03:16:34Z" level=info msg="To join agent node to cluster: k3s agent -s https://192.168.1.168:6443 -t ${AGENT_NODE_TOKEN}"
Sep 05 03:16:34 apollo k3s[2633482]: I0905 03:16:34.968356 2633482 server.go:155] Version: v1.32.6+k3s1
Sep 05 03:16:34 apollo k3s[2633482]: I0905 03:16:34.968420 2633482 server.go:157] "Golang settings" GOGC="" GOMAXPROCS="" GOTRACEBACK=""
Sep 05 03:16:34 apollo k3s[2633482]: time="2025-09-05T03:16:34Z" level=info msg="Wrote kubeconfig /etc/rancher/k3s/k3s.yaml"
Sep 05 03:16:34 apollo k3s[2633482]: time="2025-09-05T03:16:34Z" level=info msg="Run: k3s kubectl"
Sep 05 03:16:34 apollo k3s[2633482]: I0905 03:16:34.996002 2633482 shared_informer.go:313] Waiting for caches to sync for node_authorizer
Sep 05 03:16:35 apollo k3s[2633482]: I0905 03:16:35.003179 2633482 shared_informer.go:313] Waiting for caches to sync for *generic.policySource[*k8s.io/api/admissionregistration/v1.ValidatingAdmissionPolicy,*k8s.io/api/admissionregistration/v1.ValidatingAdmissionPolicyBinding,k8s.io/apiserver/pkg/admission/plugin/policy/validating.Validator]
Sep 05 03:16:35 apollo k3s[2633482]: I0905 03:16:35.009137 2633482 plugins.go:157] Loaded 13 mutating admission controller(s) successfully in the following order: NamespaceLifecycle,LimitRanger,ServiceAccount,NodeRestriction,TaintNodesByCondition,Priority,DefaultTolerationSeconds,DefaultStorageClass,StorageObjectInUseProtection,RuntimeClass,DefaultIngressClass,MutatingAdmissionPolicy,MutatingAdmissionWebhook.
Sep 05 03:16:35 apollo k3s[2633482]: I0905 03:16:35.009162 2633482 plugins.go:160] Loaded 13 validating admission controller(s) successfully in the following order: LimitRanger,ServiceAccount,PodSecurity,Priority,PersistentVolumeClaimResize,RuntimeClass,CertificateApproval,CertificateSigning,ClusterTrustBundleAttest,CertificateSubjectRestriction,ValidatingAdmissionPolicy,ValidatingAdmissionWebhook,ResourceQuota.
Sep 05 03:16:35 apollo k3s[2633482]: I0905 03:16:35.009479 2633482 instance.go:233] Using reconciler: lease
Sep 05 03:16:35 apollo k3s[2633482]: I0905 03:16:35.015028 2633482 handler.go:286] Adding GroupVersion apiextensions.k8s.io v1 to ResourceManager
Sep 05 03:16:35 apollo k3s[2633482]: W0905 03:16:35.015064 2633482 genericapiserver.go:767] Skipping API apiextensions.k8s.io/v1beta1 because it has no resources.
Sep 05 03:16:35 apollo k3s[2633482]: I0905 03:16:35.086690 2633482 handler.go:286] Adding GroupVersion  v1 to ResourceManager
Sep 05 03:16:35 apollo k3s[2633482]: I0905 03:16:35.087703 2633482 apis.go:106] API group "internal.apiserver.k8s.io" is not enabled, skipping.
Sep 05 03:16:35 apollo k3s[2633482]: time="2025-09-05T03:16:35Z" level=error msg="Sending HTTP/1.1 503 response to 127.0.0.1:59960: runtime core not ready"
Sep 05 03:16:35 apollo k3s[2633482]: I0905 03:16:35.146691 2633482 apis.go:106] API group "storagemigration.k8s.io" is not enabled, skipping.
Sep 05 03:16:35 apollo k3s[2633482]: I0905 03:16:35.197148 2633482 apis.go:106] API group "resource.k8s.io" is not enabled, skipping.
Sep 05 03:16:35 apollo k3s[2633482]: I0905 03:16:35.208282 2633482 handler.go:286] Adding GroupVersion authentication.k8s.io v1 to ResourceManager
Sep 05 03:16:35 apollo k3s[2633482]: W0905 03:16:35.208760 2633482 genericapiserver.go:767] Skipping API authentication.k8s.io/v1beta1 because it has no resources.
Sep 05 03:16:35 apollo k3s[2633482]: W0905 03:16:35.208833 2633482 genericapiserver.go:767] Skipping API authentication.k8s.io/v1alpha1 because it has no resources.
Sep 05 03:16:35 apollo k3s[2633482]: I0905 03:16:35.209442 2633482 handler.go:286] Adding GroupVersion authorization.k8s.io v1 to ResourceManager
Sep 05 03:16:35 apollo k3s[2633482]: W0905 03:16:35.209533 2633482 genericapiserver.go:767] Skipping API authorization.k8s.io/v1beta1 because it has no resources.
Sep 05 03:16:35 apollo k3s[2633482]: I0905 03:16:35.210205 2633482 handler.go:286] Adding GroupVersion autoscaling v2 to ResourceManager
Sep 05 03:16:35 apollo k3s[2633482]: I0905 03:16:35.210991 2633482 handler.go:286] Adding GroupVersion autoscaling v1 to ResourceManager
Sep 05 03:16:35 apollo k3s[2633482]: W0905 03:16:35.211094 2633482 genericapiserver.go:767] Skipping API autoscaling/v2beta1 because it has no resources.
Sep 05 03:16:35 apollo k3s[2633482]: W0905 03:16:35.211165 2633482 genericapiserver.go:767] Skipping API autoscaling/v2beta2 because it has no resources.
Sep 05 03:16:35 apollo k3s[2633482]: I0905 03:16:35.212498 2633482 handler.go:286] Adding GroupVersion batch v1 to ResourceManager
Sep 05 03:16:35 apollo k3s[2633482]: W0905 03:16:35.212619 2633482 genericapiserver.go:767] Skipping API batch/v1beta1 because it has no resources.
Sep 05 03:16:35 apollo k3s[2633482]: I0905 03:16:35.213400 2633482 handler.go:286] Adding GroupVersion certificates.k8s.io v1 to ResourceManager
Sep 05 03:16:35 apollo k3s[2633482]: W0905 03:16:35.213506 2633482 genericapiserver.go:767] Skipping API certificates.k8s.io/v1beta1 because it has no resources.
Sep 05 03:16:35 apollo k3s[2633482]: W0905 03:16:35.213562 2633482 genericapiserver.go:767] Skipping API certificates.k8s.io/v1alpha1 because it has no resources.
Sep 05 03:16:35 apollo k3s[2633482]: I0905 03:16:35.214059 2633482 handler.go:286] Adding GroupVersion coordination.k8s.io v1 to ResourceManager
Sep 05 03:16:35 apollo k3s[2633482]: W0905 03:16:35.214143 2633482 genericapiserver.go:767] Skipping API coordination.k8s.io/v1beta1 because it has no resources.
Sep 05 03:16:35 apollo k3s[2633482]: W0905 03:16:35.214195 2633482 genericapiserver.go:767] Skipping API coordination.k8s.io/v1alpha2 because it has no resources.
Sep 05 03:16:35 apollo k3s[2633482]: I0905 03:16:35.214772 2633482 handler.go:286] Adding GroupVersion discovery.k8s.io v1 to ResourceManager
Sep 05 03:16:35 apollo k3s[2633482]: W0905 03:16:35.214854 2633482 genericapiserver.go:767] Skipping API discovery.k8s.io/v1beta1 because it has no resources.
Sep 05 03:16:35 apollo k3s[2633482]: I0905 03:16:35.216009 2633482 handler.go:286] Adding GroupVersion networking.k8s.io v1 to ResourceManager
Sep 05 03:16:35 apollo k3s[2633482]: W0905 03:16:35.216105 2633482 genericapiserver.go:767] Skipping API networking.k8s.io/v1beta1 because it has no resources.
Sep 05 03:16:35 apollo k3s[2633482]: W0905 03:16:35.216157 2633482 genericapiserver.go:767] Skipping API networking.k8s.io/v1alpha1 because it has no resources.
Sep 05 03:16:35 apollo k3s[2633482]: I0905 03:16:35.216527 2633482 handler.go:286] Adding GroupVersion node.k8s.io v1 to ResourceManager
Sep 05 03:16:35 apollo k3s[2633482]: W0905 03:16:35.216596 2633482 genericapiserver.go:767] Skipping API node.k8s.io/v1beta1 because it has no resources.
Sep 05 03:16:35 apollo k3s[2633482]: W0905 03:16:35.216652 2633482 genericapiserver.go:767] Skipping API node.k8s.io/v1alpha1 because it has no resources.
Sep 05 03:16:35 apollo k3s[2633482]: I0905 03:16:35.217325 2633482 handler.go:286] Adding GroupVersion policy v1 to ResourceManager
Sep 05 03:16:35 apollo k3s[2633482]: W0905 03:16:35.217410 2633482 genericapiserver.go:767] Skipping API policy/v1beta1 because it has no resources.
Sep 05 03:16:35 apollo k3s[2633482]: I0905 03:16:35.218599 2633482 handler.go:286] Adding GroupVersion rbac.authorization.k8s.io v1 to ResourceManager
Sep 05 03:16:35 apollo k3s[2633482]: W0905 03:16:35.218725 2633482 genericapiserver.go:767] Skipping API rbac.authorization.k8s.io/v1beta1 because it has no resources.
Sep 05 03:16:35 apollo k3s[2633482]: W0905 03:16:35.218799 2633482 genericapiserver.go:767] Skipping API rbac.authorization.k8s.io/v1alpha1 because it has no resources.
Sep 05 03:16:35 apollo k3s[2633482]: I0905 03:16:35.219216 2633482 handler.go:286] Adding GroupVersion scheduling.k8s.io v1 to ResourceManager
Sep 05 03:16:35 apollo k3s[2633482]: W0905 03:16:35.219298 2633482 genericapiserver.go:767] Skipping API scheduling.k8s.io/v1beta1 because it has no resources.
Sep 05 03:16:35 apollo k3s[2633482]: W0905 03:16:35.219357 2633482 genericapiserver.go:767] Skipping API scheduling.k8s.io/v1alpha1 because it has no resources.
Sep 05 03:16:35 apollo k3s[2633482]: I0905 03:16:35.220851 2633482 handler.go:286] Adding GroupVersion storage.k8s.io v1 to ResourceManager
Sep 05 03:16:35 apollo k3s[2633482]: W0905 03:16:35.220942 2633482 genericapiserver.go:767] Skipping API storage.k8s.io/v1beta1 because it has no resources.
Sep 05 03:16:35 apollo k3s[2633482]: W0905 03:16:35.220994 2633482 genericapiserver.go:767] Skipping API storage.k8s.io/v1alpha1 because it has no resources.
Sep 05 03:16:35 apollo k3s[2633482]: I0905 03:16:35.221803 2633482 handler.go:286] Adding GroupVersion flowcontrol.apiserver.k8s.io v1 to ResourceManager
Sep 05 03:16:35 apollo k3s[2633482]: W0905 03:16:35.221889 2633482 genericapiserver.go:767] Skipping API flowcontrol.apiserver.k8s.io/v1beta3 because it has no resources.
Sep 05 03:16:35 apollo k3s[2633482]: W0905 03:16:35.221939 2633482 genericapiserver.go:767] Skipping API flowcontrol.apiserver.k8s.io/v1beta2 because it has no resources.
Sep 05 03:16:35 apollo k3s[2633482]: W0905 03:16:35.221984 2633482 genericapiserver.go:767] Skipping API flowcontrol.apiserver.k8s.io/v1beta1 because it has no resources.
Sep 05 03:16:35 apollo k3s[2633482]: I0905 03:16:35.224322 2633482 handler.go:286] Adding GroupVersion apps v1 to ResourceManager
Sep 05 03:16:35 apollo k3s[2633482]: W0905 03:16:35.224455 2633482 genericapiserver.go:767] Skipping API apps/v1beta2 because it has no resources.
Sep 05 03:16:35 apollo k3s[2633482]: W0905 03:16:35.224507 2633482 genericapiserver.go:767] Skipping API apps/v1beta1 because it has no resources.
Sep 05 03:16:35 apollo k3s[2633482]: I0905 03:16:35.225840 2633482 handler.go:286] Adding GroupVersion admissionregistration.k8s.io v1 to ResourceManager
Sep 05 03:16:35 apollo k3s[2633482]: W0905 03:16:35.225955 2633482 genericapiserver.go:767] Skipping API admissionregistration.k8s.io/v1beta1 because it has no resources.
Sep 05 03:16:35 apollo k3s[2633482]: W0905 03:16:35.226008 2633482 genericapiserver.go:767] Skipping API admissionregistration.k8s.io/v1alpha1 because it has no resources.
Sep 05 03:16:35 apollo k3s[2633482]: I0905 03:16:35.226449 2633482 handler.go:286] Adding GroupVersion events.k8s.io v1 to ResourceManager
Sep 05 03:16:35 apollo k3s[2633482]: W0905 03:16:35.226530 2633482 genericapiserver.go:767] Skipping API events.k8s.io/v1beta1 because it has no resources.
Sep 05 03:16:35 apollo k3s[2633482]: I0905 03:16:35.228822 2633482 handler.go:286] Adding GroupVersion apiregistration.k8s.io v1 to ResourceManager
Sep 05 03:16:35 apollo k3s[2633482]: W0905 03:16:35.228947 2633482 genericapiserver.go:767] Skipping API apiregistration.k8s.io/v1beta1 because it has no resources.
Sep 05 03:16:35 apollo k3s[2633482]: time="2025-09-05T03:16:35Z" level=info msg="Running kube-proxy --cluster-cidr=10.42.0.0/16 --conntrack-max-per-core=0 --conntrack-tcp-timeout-close-wait=0s --conntrack-tcp-timeout-established=0s --healthz-bind-address=127.0.0.1 --hostname-override=apollo --kubeconfig=/var/lib/rancher/k3s/agent/kubeproxy.kubeconfig --proxy-mode=iptables"
Sep 05 03:16:35 apollo k3s[2633482]: I0905 03:16:35.519871 2633482 dynamic_cafile_content.go:161] "Starting controller" name="request-header::/var/lib/rancher/k3s/server/tls/request-header-ca.crt"
Sep 05 03:16:35 apollo k3s[2633482]: I0905 03:16:35.519874 2633482 dynamic_cafile_content.go:161] "Starting controller" name="client-ca-bundle::/var/lib/rancher/k3s/server/tls/client-ca.crt"
Sep 05 03:16:35 apollo k3s[2633482]: I0905 03:16:35.520243 2633482 dynamic_serving_content.go:135] "Starting controller" name="serving-cert::/var/lib/rancher/k3s/server/tls/serving-kube-apiserver.crt::/var/lib/rancher/k3s/server/tls/serving-kube-apiserver.key"
Sep 05 03:16:35 apollo k3s[2633482]: I0905 03:16:35.520268 2633482 secure_serving.go:213] Serving securely on 127.0.0.1:6444
Sep 05 03:16:35 apollo k3s[2633482]: I0905 03:16:35.520362 2633482 tlsconfig.go:243] "Starting DynamicServingCertificateController"
Sep 05 03:16:35 apollo k3s[2633482]: I0905 03:16:35.520475 2633482 dynamic_serving_content.go:135] "Starting controller" name="aggregator-proxy-cert::/var/lib/rancher/k3s/server/tls/client-auth-proxy.crt::/var/lib/rancher/k3s/server/tls/client-auth-proxy.key"
Sep 05 03:16:35 apollo k3s[2633482]: I0905 03:16:35.520992 2633482 dynamic_cafile_content.go:161] "Starting controller" name="client-ca-bundle::/var/lib/rancher/k3s/server/tls/client-ca.crt"
Sep 05 03:16:35 apollo k3s[2633482]: I0905 03:16:35.520483 2633482 apf_controller.go:377] Starting API Priority and Fairness config controller
Sep 05 03:16:35 apollo k3s[2633482]: I0905 03:16:35.521053 2633482 dynamic_cafile_content.go:161] "Starting controller" name="request-header::/var/lib/rancher/k3s/server/tls/request-header-ca.crt"
Sep 05 03:16:35 apollo k3s[2633482]: I0905 03:16:35.521171 2633482 controller.go:142] Starting OpenAPI controller
Sep 05 03:16:35 apollo k3s[2633482]: I0905 03:16:35.521195 2633482 controller.go:90] Starting OpenAPI V3 controller
Sep 05 03:16:35 apollo k3s[2633482]: I0905 03:16:35.521209 2633482 naming_controller.go:294] Starting NamingConditionController
Sep 05 03:16:35 apollo k3s[2633482]: I0905 03:16:35.521223 2633482 establishing_controller.go:81] Starting EstablishingController
Sep 05 03:16:35 apollo k3s[2633482]: I0905 03:16:35.521234 2633482 nonstructuralschema_controller.go:195] Starting NonStructuralSchemaConditionController
Sep 05 03:16:35 apollo k3s[2633482]: I0905 03:16:35.521244 2633482 apiapproval_controller.go:189] Starting KubernetesAPIApprovalPolicyConformantConditionController
Sep 05 03:16:35 apollo k3s[2633482]: I0905 03:16:35.521258 2633482 crd_finalizer.go:269] Starting CRDFinalizer
Sep 05 03:16:35 apollo k3s[2633482]: I0905 03:16:35.520554 2633482 controller.go:119] Starting legacy_token_tracking_controller
Sep 05 03:16:35 apollo k3s[2633482]: I0905 03:16:35.521505 2633482 shared_informer.go:313] Waiting for caches to sync for configmaps
Sep 05 03:16:35 apollo k3s[2633482]: I0905 03:16:35.520624 2633482 cluster_authentication_trust_controller.go:462] Starting cluster_authentication_trust_controller controller
Sep 05 03:16:35 apollo k3s[2633482]: I0905 03:16:35.521542 2633482 shared_informer.go:313] Waiting for caches to sync for cluster_authentication_trust_controller
Sep 05 03:16:35 apollo k3s[2633482]: I0905 03:16:35.520713 2633482 gc_controller.go:78] Starting apiserver lease garbage collector
Sep 05 03:16:35 apollo k3s[2633482]: I0905 03:16:35.520785 2633482 customresource_discovery_controller.go:292] Starting DiscoveryController
Sep 05 03:16:35 apollo k3s[2633482]: I0905 03:16:35.520944 2633482 remote_available_controller.go:411] Starting RemoteAvailability controller
Sep 05 03:16:35 apollo k3s[2633482]: I0905 03:16:35.522029 2633482 cache.go:32] Waiting for caches to sync for RemoteAvailability controller
Sep 05 03:16:35 apollo k3s[2633482]: I0905 03:16:35.520968 2633482 apiservice_controller.go:100] Starting APIServiceRegistrationController
Sep 05 03:16:35 apollo k3s[2633482]: I0905 03:16:35.522043 2633482 cache.go:32] Waiting for caches to sync for APIServiceRegistrationController controller
Sep 05 03:16:35 apollo k3s[2633482]: I0905 03:16:35.522724 2633482 controller.go:80] Starting OpenAPI V3 AggregationController
Sep 05 03:16:35 apollo k3s[2633482]: I0905 03:16:35.522802 2633482 controller.go:78] Starting OpenAPI AggregationController
Sep 05 03:16:35 apollo k3s[2633482]: I0905 03:16:35.523016 2633482 local_available_controller.go:156] Starting LocalAvailability controller
Sep 05 03:16:35 apollo k3s[2633482]: I0905 03:16:35.523025 2633482 cache.go:32] Waiting for caches to sync for LocalAvailability controller
Sep 05 03:16:35 apollo k3s[2633482]: I0905 03:16:35.523240 2633482 system_namespaces_controller.go:66] Starting system namespaces controller
Sep 05 03:16:35 apollo k3s[2633482]: I0905 03:16:35.523268 2633482 aggregator.go:169] waiting for initial CRD sync...
Sep 05 03:16:35 apollo k3s[2633482]: I0905 03:16:35.523303 2633482 crdregistration_controller.go:114] Starting crd-autoregister controller
Sep 05 03:16:35 apollo k3s[2633482]: I0905 03:16:35.523309 2633482 shared_informer.go:313] Waiting for caches to sync for crd-autoregister
Sep 05 03:16:35 apollo k3s[2633482]: I0905 03:16:35.603206 2633482 shared_informer.go:320] Caches are synced for node_authorizer
Sep 05 03:16:35 apollo k3s[2633482]: I0905 03:16:35.613675 2633482 shared_informer.go:320] Caches are synced for *generic.policySource[*k8s.io/api/admissionregistration/v1.ValidatingAdmissionPolicy,*k8s.io/api/admissionregistration/v1.ValidatingAdmissionPolicyBinding,k8s.io/apiserver/pkg/admission/plugin/policy/validating.Validator]
Sep 05 03:16:35 apollo k3s[2633482]: I0905 03:16:35.613712 2633482 policy_source.go:240] refreshing policies
Sep 05 03:16:35 apollo k3s[2633482]: I0905 03:16:35.622852 2633482 cache.go:39] Caches are synced for APIServiceRegistrationController controller
Sep 05 03:16:35 apollo k3s[2633482]: I0905 03:16:35.623414 2633482 cache.go:39] Caches are synced for LocalAvailability controller
Sep 05 03:16:35 apollo k3s[2633482]: I0905 03:16:35.633157 2633482 apf_controller.go:382] Running API Priority and Fairness config worker
Sep 05 03:16:35 apollo k3s[2633482]: I0905 03:16:35.633193 2633482 apf_controller.go:385] Running API Priority and Fairness periodic rebalancing process
Sep 05 03:16:35 apollo k3s[2633482]: I0905 03:16:35.636646 2633482 shared_informer.go:320] Caches are synced for configmaps
Sep 05 03:16:35 apollo k3s[2633482]: I0905 03:16:35.636696 2633482 shared_informer.go:320] Caches are synced for cluster_authentication_trust_controller
Sep 05 03:16:35 apollo k3s[2633482]: I0905 03:16:35.636753 2633482 cache.go:39] Caches are synced for RemoteAvailability controller
Sep 05 03:16:35 apollo k3s[2633482]: I0905 03:16:35.637293 2633482 handler_discovery.go:451] Starting ResourceDiscoveryManager
Sep 05 03:16:35 apollo k3s[2633482]: I0905 03:16:35.648441 2633482 controller.go:615] quota admission added evaluator for: leases.coordination.k8s.io
Sep 05 03:16:35 apollo k3s[2633482]: I0905 03:16:35.711635 2633482 handler.go:286] Adding GroupVersion metrics.k8s.io v1beta1 to ResourceManager
Sep 05 03:16:35 apollo k3s[2633482]: I0905 03:16:35.722789 2633482 handler.go:286] Adding GroupVersion hub.traefik.io v1alpha1 to ResourceManager
Sep 05 03:16:35 apollo k3s[2633482]: I0905 03:16:35.722840 2633482 handler.go:286] Adding GroupVersion tailscale.com v1alpha1 to ResourceManager
Sep 05 03:16:35 apollo k3s[2633482]: I0905 03:16:35.722858 2633482 handler.go:286] Adding GroupVersion helm.cattle.io v1 to ResourceManager
Sep 05 03:16:35 apollo k3s[2633482]: I0905 03:16:35.722884 2633482 handler.go:286] Adding GroupVersion traefik.io v1alpha1 to ResourceManager
Sep 05 03:16:35 apollo k3s[2633482]: I0905 03:16:35.722907 2633482 handler.go:286] Adding GroupVersion bitnami.com v1alpha1 to ResourceManager
Sep 05 03:16:35 apollo k3s[2633482]: I0905 03:16:35.722936 2633482 handler.go:286] Adding GroupVersion gateway.networking.k8s.io v1 to ResourceManager
Sep 05 03:16:35 apollo k3s[2633482]: I0905 03:16:35.722964 2633482 handler.go:286] Adding GroupVersion gateway.networking.k8s.io v1beta1 to ResourceManager
Sep 05 03:16:35 apollo k3s[2633482]: I0905 03:16:35.723126 2633482 handler.go:286] Adding GroupVersion argoproj.io v1alpha1 to ResourceManager
Sep 05 03:16:35 apollo k3s[2633482]: I0905 03:16:35.723298 2633482 handler.go:286] Adding GroupVersion actions.github.com v1alpha1 to ResourceManager
Sep 05 03:16:35 apollo k3s[2633482]: I0905 03:16:35.723315 2633482 handler.go:286] Adding GroupVersion k3s.cattle.io v1 to ResourceManager
Sep 05 03:16:35 apollo k3s[2633482]: I0905 03:16:35.728817 2633482 shared_informer.go:320] Caches are synced for crd-autoregister
Sep 05 03:16:35 apollo k3s[2633482]: I0905 03:16:35.729881 2633482 aggregator.go:171] initial CRD sync complete...
Sep 05 03:16:35 apollo k3s[2633482]: I0905 03:16:35.729912 2633482 autoregister_controller.go:144] Starting autoregister controller
Sep 05 03:16:35 apollo k3s[2633482]: I0905 03:16:35.729921 2633482 cache.go:32] Waiting for caches to sync for autoregister controller
Sep 05 03:16:35 apollo k3s[2633482]: I0905 03:16:35.729929 2633482 cache.go:39] Caches are synced for autoregister controller



matthewmyrick in ~ λ sudo cat /etc/rancher/k3s/config.yaml
kubelet-arg:
  - "max-pods=220"
  - "kube-reserved=cpu=100m,memory=512Mi"
  - "system-reserved=cpu=100m,memory=512Mi"
  - "eviction-hard=memory.available<1Gi"
  - "feature-gates=SizeMemoryBackedVolumes=true"
  - "max-memory=43Gi"
  - "cpu=12"
kube-apiserver-arg:
  - "max-requests-inflight=400"
  - "max-mutating-requests-inflight=200"





    
